================================================================
  CAMPAIGN 2: dynamical time dilation (wave clock, dispersion)
  L²/γ = √(1−v²)  vs  L¹ = 1−v   (verdict drawn post-lock)
================================================================
  dir<100> L=257 n⊥=3
[RenderBridge] GPU backend active (CUDA, L=257)
[RenderBridge] GPU backend active (CUDA, L=257)
[RenderBridge] GPU backend active (CUDA, L=257)
[RenderBridge] GPU backend active (CUDA, L=257)
[RenderBridge] GPU backend active (CUDA, L=257)
[RenderBridge] GPU backend active (CUDA, L=257)
[RenderBridge] GPU backend active (CUDA, L=257)
[RenderBridge] GPU backend active (CUDA, L=257)
[RenderBridge] GPU backend active (CUDA, L=257)
[RenderBridge] GPU backend active (CUDA, L=257)
[RenderBridge] GPU backend active (CUDA, L=257)
  PASS  [sane] rest clock oscillates ω₀>0 (100 L=257 n⊥=3)
  PASS  [sane] velocity subluminal v<c (100 L=257 n⊥=3)
  PASS  [sane] velocity rises with momentum (100 L=257 n⊥=3)
  PASS  [sane] clock slows monotonically with v (100 L=257 n⊥=3)
  dir<110> L=257 n⊥=3
[RenderBridge] GPU backend active (CUDA, L=257)
[RenderBridge] GPU backend active (CUDA, L=257)
[RenderBridge] GPU backend active (CUDA, L=257)
[RenderBridge] GPU backend active (CUDA, L=257)
[RenderBridge] GPU backend active (CUDA, L=257)
[RenderBridge] GPU backend active (CUDA, L=257)
[RenderBridge] GPU backend active (CUDA, L=257)
[RenderBridge] GPU backend active (CUDA, L=257)
[RenderBridge] GPU backend active (CUDA, L=257)
[RenderBridge] GPU backend active (CUDA, L=257)
[RenderBridge] GPU backend active (CUDA, L=257)
  PASS  [sane] rest clock oscillates ω₀>0 (110 L=257 n⊥=3)
  PASS  [sane] velocity subluminal v<c (110 L=257 n⊥=3)
  PASS  [sane] velocity rises with momentum (110 L=257 n⊥=3)
  PASS  [sane] clock slows monotonically with v (110 L=257 n⊥=3)
  dir<111> L=257 n⊥=3
[RenderBridge] GPU backend active (CUDA, L=257)
[RenderBridge] GPU backend active (CUDA, L=257)
[RenderBridge] GPU backend active (CUDA, L=257)
[RenderBridge] GPU backend active (CUDA, L=257)
[RenderBridge] GPU backend active (CUDA, L=257)
[RenderBridge] GPU backend active (CUDA, L=257)
[RenderBridge] GPU backend active (CUDA, L=257)
[RenderBridge] GPU backend active (CUDA, L=257)
[RenderBridge] GPU backend active (CUDA, L=257)
[RenderBridge] GPU backend active (CUDA, L=257)
[RenderBridge] GPU backend active (CUDA, L=257)
  PASS  [sane] rest clock oscillates ω₀>0 (111 L=257 n⊥=3)
  PASS  [sane] velocity subluminal v<c (111 L=257 n⊥=3)
  PASS  [sane] velocity rises with momentum (111 L=257 n⊥=3)
  PASS  [sane] clock slows monotonically with v (111 L=257 n⊥=3)

  wrote engine/results/time_dilation_L257_blind_2026-06-11/wave_clock_dilation.csv
  NEXT (post-lock): analyze_time_dilation.py fits dilation_meas
  vs v_norm against {√(1−v²), 1−v, 1−v²/2, const} per (dir,L,n⊥)
  and extrapolates the IR limit.


================================================================
  Campaign 2 — time dilation (wave clock, sanity)
  RESULT: 12/12 checks PASS
================================================================
